2026-07-04 12:52:19 | INFO     | bot.orders | Submitting order: OrderRequest(symbol='BTCUSDT', side='BUY', order_type='MARKET', quantity=Decimal('0.01'), price=None, stop_price=None)
2026-07-04 12:52:19 | INFO     | bot.client | API request | GET /fapi/v1/exchangeInfo | payload={}
2026-07-04 12:52:19 | INFO     | bot.client | API response | /fapi/v1/exchangeInfo | status=200 | body={'timezone': 'UTC', 'serverTime': 1783169539601, 'symbols': [{'symbol': 'BTCUSDT', 'status': 'TRADING', 'pair': 'BTCUSDT'}, {'symbol': 'ETHUSDT', 'status': 'TRADING', 'pair': 'ETHUSDT'}, {'symbol': 'BNBUSDT', 'status': 'TRADING', 'pair': 'BNBUSDT'}]}
2026-07-04 12:52:19 | INFO     | bot.client | API request | POST /fapi/v1/order | payload={'symbol': 'BTCUSDT', 'side': 'BUY', 'type': 'MARKET', 'quantity': '0.01', 'timestamp': 1783169539602, 'recvWindow': 5000, 'signature': '***REDACTED***'}
2026-07-04 12:52:19 | INFO     | bot.client | API response | /fapi/v1/order | status=200 | body={'orderId': 1000001, 'symbol': 'BTCUSDT', 'status': 'FILLED', 'clientOrderId': 'mock-1000001', 'side': 'BUY', 'type': 'MARKET', 'origQty': '0.01', 'executedQty': '0.01', 'avgPrice': '65125.30', 'timeInForce': 'GTC', 'updateTime': 1783169539603}
2026-07-04 12:52:19 | INFO     | bot.orders | Order submitted successfully: order_id=1000001 status=FILLED
2026-07-04 12:52:19 | INFO     | bot.orders | Submitting order: OrderRequest(symbol='BTCUSDT', side='SELL', order_type='LIMIT', quantity=Decimal('0.01'), price=Decimal('65000'), stop_price=None)
2026-07-04 12:52:19 | INFO     | bot.client | API request | GET /fapi/v1/exchangeInfo | payload={}
2026-07-04 12:52:19 | INFO     | bot.client | API response | /fapi/v1/exchangeInfo | status=200 | body={'timezone': 'UTC', 'serverTime': 1783169539766, 'symbols': [{'symbol': 'BTCUSDT', 'status': 'TRADING', 'pair': 'BTCUSDT'}, {'symbol': 'ETHUSDT', 'status': 'TRADING', 'pair': 'ETHUSDT'}, {'symbol': 'BNBUSDT', 'status': 'TRADING', 'pair': 'BNBUSDT'}]}
2026-07-04 12:52:19 | INFO     | bot.client | API request | POST /fapi/v1/order | payload={'symbol': 'BTCUSDT', 'side': 'SELL', 'type': 'LIMIT', 'quantity': '0.01', 'price': '65000', 'timeInForce': 'GTC', 'timestamp': 1783169539767, 'recvWindow': 5000, 'signature': '***REDACTED***'}
2026-07-04 12:52:19 | INFO     | bot.client | API response | /fapi/v1/order | status=200 | body={'orderId': 1000002, 'symbol': 'BTCUSDT', 'status': 'NEW', 'clientOrderId': 'mock-1000002', 'side': 'SELL', 'type': 'LIMIT', 'origQty': '0.01', 'executedQty': '0.00000000', 'avgPrice': '0.00000000', 'timeInForce': 'GTC', 'updateTime': 1783169539768, 'price': '65000'}
2026-07-04 12:52:19 | INFO     | bot.orders | Order submitted successfully: order_id=1000002 status=NEW
2026-07-04 12:52:19 | INFO     | bot.orders | Submitting order: OrderRequest(symbol='BTCUSDT', side='SELL', order_type='STOP_LIMIT', quantity=Decimal('0.01'), price=Decimal('64000'), stop_price=Decimal('64500'))
2026-07-04 12:52:19 | INFO     | bot.client | API request | GET /fapi/v1/exchangeInfo | payload={}
2026-07-04 12:52:19 | INFO     | bot.client | API response | /fapi/v1/exchangeInfo | status=200 | body={'timezone': 'UTC', 'serverTime': 1783169539930, 'symbols': [{'symbol': 'BTCUSDT', 'status': 'TRADING', 'pair': 'BTCUSDT'}, {'symbol': 'ETHUSDT', 'status': 'TRADING', 'pair': 'ETHUSDT'}, {'symbol': 'BNBUSDT', 'status': 'TRADING', 'pair': 'BNBUSDT'}]}
2026-07-04 12:52:19 | INFO     | bot.client | API request | POST /fapi/v1/order | payload={'symbol': 'BTCUSDT', 'side': 'SELL', 'type': 'STOP', 'quantity': '0.01', 'price': '64000', 'timeInForce': 'GTC', 'stopPrice': '64500', 'timestamp': 1783169539931, 'recvWindow': 5000, 'signature': '***REDACTED***'}
2026-07-04 12:52:19 | INFO     | bot.client | API response | /fapi/v1/order | status=200 | body={'orderId': 1000003, 'symbol': 'BTCUSDT', 'status': 'NEW', 'clientOrderId': 'mock-1000003', 'side': 'SELL', 'type': 'STOP', 'origQty': '0.01', 'executedQty': '0.00000000', 'avgPrice': '0.00000000', 'timeInForce': 'GTC', 'updateTime': 1783169539932, 'price': '64000', 'stopPrice': '64500'}
2026-07-04 12:52:19 | INFO     | bot.orders | Order submitted successfully: order_id=1000003 status=NEW
2026-07-04 12:52:20 | INFO     | bot.orders | Submitting order: OrderRequest(symbol='DOGEUSDT', side='BUY', order_type='MARKET', quantity=Decimal('0.01'), price=None, stop_price=None)
2026-07-04 12:52:20 | INFO     | bot.client | API request | GET /fapi/v1/exchangeInfo | payload={}
2026-07-04 12:52:20 | INFO     | bot.client | API response | /fapi/v1/exchangeInfo | status=200 | body={'timezone': 'UTC', 'serverTime': 1783169540096, 'symbols': [{'symbol': 'BTCUSDT', 'status': 'TRADING', 'pair': 'BTCUSDT'}, {'symbol': 'ETHUSDT', 'status': 'TRADING', 'pair': 'ETHUSDT'}, {'symbol': 'BNBUSDT', 'status': 'TRADING', 'pair': 'BNBUSDT'}]}
2026-07-04 12:52:20 | ERROR    | __main__ | Invalid symbol: Symbol 'DOGEUSDT' is not a valid or tradable symbol on Binance Futures Testnet.
